
> backend@1.0.0 build
> tsc || true

src/config/customeField.service.ts(18,16): error TS2561: Object literal may only specify known properties, but 'customFieldId' does not exist in type 'CustomFieldValueWhereInput'. Did you mean to write 'custom_field_id'?
src/config/customeField.service.ts(27,15): error TS2561: Object literal may only specify known properties, but 'customFieldId' does not exist in type '(Without<CustomFieldValueCreateInput, CustomFieldValueUncheckedCreateInput> & CustomFieldValueUncheckedCreateInput) | (Without<...> & CustomFieldValueCreateInput)'. Did you mean to write 'custom_field_id'?
src/controllers/candidate.controller.ts(140,51): error TS2554: Expected 3-4 arguments, but got 2.
src/controllers/candidate.controller.ts(146,9): error TS2561: Object literal may only specify known properties, but 'cover_letter_url' does not exist in type '{ vacancy_id: string; cover_letter?: string | undefined; cover_letter_file?: any; expected_salary?: number | undefined; recruitment_source_id?: string | undefined; }'. Did you mean to write 'cover_letter'?
src/controllers/candidate.controller.ts(153,9): error TS2561: Object literal may only specify known properties, but 'cover_letter_text' does not exist in type '{ vacancy_id: string; cover_letter?: string | undefined; cover_letter_file?: any; expected_salary?: number | undefined; recruitment_source_id?: string | undefined; }'. Did you mean to write 'cover_letter'?
src/controllers/workforce.controller.ts(6,3): error TS2724: '"../utils/request.validation"' has no exported member named 'createDepartmentSchema'. Did you mean 'createdepartmentSchema'?
src/services/candidate.service.ts(292,16): error TS2393: Duplicate function implementation.
src/services/candidate.service.ts(298,16): error TS2561: Object literal may only specify known properties, but 'candidateId' does not exist in type 'ApplicationWhereInput'. Did you mean to write 'candidate_id'?
src/services/candidate.service.ts(305,9): error TS2353: Object literal may only specify known properties, and 'organizationId' does not exist in type '(Without<ApplicationCreateInput, ApplicationUncheckedCreateInput> & ApplicationUncheckedCreateInput) | (Without<...> & ApplicationCreateInput)'.
src/services/candidate.service.ts(315,16): error TS2393: Duplicate function implementation.
src/services/candidate.service.ts(550,9): error TS2561: Object literal may only specify known properties, but 'candidateId' does not exist in type '(Without<CandidateDocumentCreateInput, CandidateDocumentUncheckedCreateInput> & CandidateDocumentUncheckedCreateInput) | (Without<...> & CandidateDocumentCreateInput)'. Did you mean to write 'candidate_id'?
src/services/candidate.service.ts(559,16): error TS2393: Duplicate function implementation.
src/services/candidate.service.ts(568,16): error TS2561: Object literal may only specify known properties, but 'candidateId' does not exist in type 'CandidateDocumentWhereInput'. Did you mean to write 'candidate_id'?
src/services/candidate.service.ts(692,47): error TS2341: Property 'saveLocalFallback' is private and only accessible within class 'CloudinaryService'.
src/services/candidate.service.ts(825,30): error TS2339: Property 'trim' does not exist on type 'never'.
src/services/candidate.service.ts(834,33): error TS2339: Property 'trim' does not exist on type 'never'.
src/services/candidate.service.ts(981,16): error TS2393: Duplicate function implementation.
src/services/candidate.service.ts(1033,16): error TS2393: Duplicate function implementation.
src/services/candidate.service.ts(1445,16): error TS2393: Duplicate function implementation.
src/services/candidate.service.ts(1534,47): error TS2341: Property 'saveLocalFallback' is private and only accessible within class 'CloudinaryService'.
src/services/candidate.service.ts(1594,47): error TS2341: Property 'saveLocalFallback' is private and only accessible within class 'CloudinaryService'.
src/services/candidate.service.ts(1662,50): error TS2341: Property 'saveLocalFallback' is private and only accessible within class 'CloudinaryService'.
src/services/candidate.service.ts(1720,50): error TS2341: Property 'saveLocalFallback' is private and only accessible within class 'CloudinaryService'.
src/services/config.service.ts(936,17): error TS18048: 'data.criteria' is possibly 'undefined'.
src/services/config.service.ts(1272,21): error TS2353: Object literal may only specify known properties, and 'organizationId' does not exist in type 'ApplicationSelect<DefaultArgs>'.
src/services/config.service.ts(1281,33): error TS2551: Property 'application' does not exist on type '{ id: string; created_at: Date; updated_at: Date; status: InterviewStatus; interview_category_id: string; application_id: string; start_time: Date; end_time: Date; ... 11 more ...; mode: InterviewMode | null; }'. Did you mean 'application_id'?
src/services/interview.service.ts(984,9): error TS2322: Type '"STRONGLY_RECOMMEND" | "RECOMMEND" | "HOLD" | "NEUTRAL" | "DO_NOT_RECOMMEND"' is not assignable to type 'EvaluationRecommendation | null | undefined'.
  Type '"NEUTRAL"' is not assignable to type 'EvaluationRecommendation | null | undefined'.
src/services/reporting.service.ts(80,14): error TS2554: Expected 2-3 arguments, but got 1.
src/services/reporting.service.ts(427,47): error TS2339: Property 'vacancy' does not exist on type '{ submitted_at: Date; }'.
src/services/reporting.service.ts(427,93): error TS2339: Property 'vacancy' does not exist on type '{ submitted_at: Date; }'.
src/services/workforce.service.ts(12,3): error TS2724: '"../types/workforce.type"' has no exported member named 'CreateDepartmentDTO'. Did you mean 'CreatedepartmentDTO'?
src/services/workforce.service.ts(1228,11): error TS2322: Type '"CLOSED"' is not assignable to type 'ApprovalAction'.
src/utils/hrisIntegration.ts(5,10): error TS2554: Expected 2-3 arguments, but got 1.
src/utils/hrisIntegration.ts(13,12): error TS2554: Expected 2-3 arguments, but got 1.
src/utils/hrisIntegration.ts(15,12): error TS2554: Expected 2-4 arguments, but got 1.
src/utils/logger.ts(78,36): error TS2345: Argument of type '"\u001B[31m"' is not assignable to parameter of type '"\u001B[90m"'.
src/utils/logger.ts(97,34): error TS2345: Argument of type '"\u001B[31m"' is not assignable to parameter of type '"\u001B[90m"'.
src/utils/logger.ts(102,34): error TS2345: Argument of type '"\u001B[34m"' is not assignable to parameter of type '"\u001B[90m"'.
src/utils/logger.ts(104,32): error TS2345: Argument of type '"\u001B[34m"' is not assignable to parameter of type '"\u001B[90m"'.
src/utils/notificationHelper.ts(13,12): error TS2554: Expected 2-3 arguments, but got 1.
src/utils/notificationHelper.ts(17,49): error TS2345: Argument of type 'unknown' is not assignable to parameter of type 'string'.
node.exe : 'true' is not recognized as an internal or external command,
At line:1 char:1
+ & "C:\Program Files\nodejs/node.exe" "C:\Program Files\nodejs/node_mo ...
+ ~~~~~~~~~~~~~~~~~~~~~~~~~~~~~~~~~~~~~~~~~~~~~~~~~~~~~~~~~~~~~~~~~~~~~
    + CategoryInfo          : NotSpecified: ('true' is not r...ternal command,:String) [], RemoteException
    + FullyQualifiedErrorId : NativeCommandError
 
operable program or batch file.
